[2026-06-22 00:59:22] 
===== CloudGuard Scan Started =====
Running Tasks : scan_s3, scan_iam
Skipped Tasks : scan_vpc
===================================

[2026-06-22 01:00:39] 
===== CloudGuard Scan Started =====
Running Tasks : scan_s3, scan_iam
Skipped Tasks : scan_vpc
===================================

[2026-06-22 01:00:39] === S3 Discovery ===
[2026-06-22 01:00:39] [DISCOVERED] cloudguard-test
[2026-06-22 01:00:39] [Medium] cloudguard-test: Bucket Versioning Disabled

[2026-06-22 01:01:06] 
===== CloudGuard Scan Started =====
Running Tasks : scan_s3, scan_iam
Skipped Tasks : scan_vpc
===================================

[2026-06-22 01:01:06] 
=== S3 Discovery ===
[2026-06-22 01:01:06] [DISCOVERED] cloudguard-test
[2026-06-22 01:01:06] [Medium] cloudguard-test: Bucket Versioning Disabled


[2026-06-22 01:04:58] 
============================================================
CloudGuard Scan Started
Running Tasks : scan_s3, scan_iam
Skipped Tasks : scan_vpc
============================================================
[2026-06-22 01:04:58] 
=== S3 Discovery ===
[2026-06-22 01:04:58] [DISCOVERED] cloudguard-test
[2026-06-22 01:04:58] [Medium] cloudguard-test: Bucket Versioning Disabled
